// Jest Snapshot v1, https://goo.gl/fbAQLP

exports[`<Main /> should render the heading 1`] = `
<main
  class="sc-KXCwU fWeGQF"
>
  <img
    alt="Imagem de um átomo e React Avançado ao lado."
    class="sc-gyycJP cUrzAP"
    src="/img/logo.svg"
  />
  <h1
    class="sc-eaUbBy bRsMRF"
  >
    React Avançado!
  </h1>
  <h2
    class="sc-gaZyOd dhNuyh"
  >
    TypeScript, ReactJS, NextJS e Styled Components
  </h2>
  <img
    alt="Um desenvolvedor de frente para uma tela com código."
    class="sc-dDvxFM eJnauy"
    src="/img/hero-illustration.svg"
  />
</main>
`;
